[ 2025-12-31 14:09:59,879 ] 1025 httpx - INFO - HTTP Request: GET https://dagshub.com/api/v1/user "HTTP/1.1 200 OK"
[ 2025-12-31 14:09:59,890 ] 107 dagshub - INFO - Accessing as ashishprajapati2006
[ 2025-12-31 14:10:01,106 ] 1025 httpx - INFO - HTTP Request: GET https://dagshub.com/api/v1/repos/ashishprajapati2006/networksecurity "HTTP/1.1 200 OK"
[ 2025-12-31 14:10:02,260 ] 1025 httpx - INFO - HTTP Request: GET https://dagshub.com/api/v1/user "HTTP/1.1 200 OK"
[ 2025-12-31 14:10:02,268 ] 107 dagshub - INFO - Initialized MLflow to track repo "ashishprajapati2006/networksecurity"
[ 2025-12-31 14:10:02,268 ] 107 dagshub - INFO - Repository ashishprajapati2006/networksecurity initialized!
[ 2025-12-31 14:10:02,268 ] 20 root - INFO - Initiate the data ingestion
[ 2025-12-31 14:10:24,299 ] 62 root - INFO - Performed train test split on the dataframe
[ 2025-12-31 14:10:24,299 ] 64 root - INFO - Exited split_data_as_train_test method of Data_Ingestion class
[ 2025-12-31 14:10:24,299 ] 72 root - INFO - Exporting train and test file path.
[ 2025-12-31 14:10:24,357 ] 81 root - INFO - Exported train and test file path.
[ 2025-12-31 14:10:24,357 ] 22 root - INFO - Data Initiation Completed
[ 2025-12-31 14:10:24,375 ] 27 root - INFO - Initiate the data Validation
[ 2025-12-31 14:10:24,450 ] 32 root - INFO - Required number of columns:2
[ 2025-12-31 14:10:24,450 ] 33 root - INFO - Daata frame has columns:31
[ 2025-12-31 14:10:24,450 ] 32 root - INFO - Required number of columns:2
[ 2025-12-31 14:10:24,450 ] 33 root - INFO - Daata frame has columns:31
[ 2025-12-31 14:10:24,626 ] 29 root - INFO - data Validation Completed
[ 2025-12-31 14:10:24,626 ] 33 root - INFO - data Transformation started
[ 2025-12-31 14:10:24,626 ] 53 root - INFO - Entered initiate_data_transformation method of DataTransformation class
[ 2025-12-31 14:10:24,626 ] 55 root - INFO - Starting data transformation
[ 2025-12-31 14:10:24,648 ] 38 root - INFO - Entered git_data_transformer_object method of Transformation class
[ 2025-12-31 14:10:24,648 ] 43 root - INFO - Initialise KNNImputrt with {'missing_values': nan, 'n_neighbors': 3, 'weights': 'uniform'}
[ 2025-12-31 14:10:24,662 ] 46 root - INFO - Entered the save_object method of MainUtils class
[ 2025-12-31 14:10:24,662 ] 50 root - INFO - Exited the save_object method of MainUtils class
[ 2025-12-31 14:10:24,662 ] 46 root - INFO - Entered the save_object method of MainUtils class
[ 2025-12-31 14:10:24,662 ] 50 root - INFO - Exited the save_object method of MainUtils class
[ 2025-12-31 14:10:24,662 ] 37 root - INFO - data Transformation completed
[ 2025-12-31 14:10:24,662 ] 39 root - INFO - Model Training stared
[ 2025-12-31 14:23:42,606 ] 46 root - INFO - Entered the save_object method of MainUtils class
[ 2025-12-31 14:23:42,674 ] 50 root - INFO - Exited the save_object method of MainUtils class
[ 2025-12-31 14:23:42,674 ] 132 root - INFO - Model trainer artifact: ModelTrainerArtifact(trained_model_file_path='Artifacts\\12_31_2025_14_09_37\\model_trainer\\trained_model\\model.pkl', train_metric_artifact=ClassificationMetricArtifact(f1_score=0.9925669483759292, precision_score=0.9902478667208452, recall_score=0.9948969177383139), test_metric_artifact=ClassificationMetricArtifact(f1_score=0.9716312056737588, precision_score=0.96328125, recall_score=0.980127186009539))
[ 2025-12-31 14:23:42,674 ] 44 root - INFO - Model Training artifact created
