[ 2025-12-31 16:27:27,965 ] 1025 httpx - INFO - HTTP Request: GET https://dagshub.com/api/v1/user "HTTP/1.1 200 OK"
[ 2025-12-31 16:27:27,983 ] 107 dagshub - INFO - Accessing as ashishprajapati2006
[ 2025-12-31 16:27:29,193 ] 1025 httpx - INFO - HTTP Request: GET https://dagshub.com/api/v1/repos/ashishprajapati2006/networksecurity "HTTP/1.1 200 OK"
[ 2025-12-31 16:27:30,255 ] 1025 httpx - INFO - HTTP Request: GET https://dagshub.com/api/v1/user "HTTP/1.1 200 OK"
[ 2025-12-31 16:27:30,260 ] 107 dagshub - INFO - Initialized MLflow to track repo "ashishprajapati2006/networksecurity"
[ 2025-12-31 16:27:30,260 ] 107 dagshub - INFO - Repository ashishprajapati2006/networksecurity initialized!
[ 2025-12-31 16:27:30,260 ] 20 root - INFO - Initiate the data ingestion
[ 2025-12-31 16:27:36,458 ] 62 root - INFO - Performed train test split on the dataframe
[ 2025-12-31 16:27:36,458 ] 64 root - INFO - Exited split_data_as_train_test method of Data_Ingestion class
[ 2025-12-31 16:27:36,458 ] 72 root - INFO - Exporting train and test file path.
[ 2025-12-31 16:27:36,500 ] 81 root - INFO - Exported train and test file path.
[ 2025-12-31 16:27:36,500 ] 22 root - INFO - Data Initiation Completed
[ 2025-12-31 16:27:36,507 ] 27 root - INFO - Initiate the data Validation
[ 2025-12-31 16:27:36,597 ] 32 root - INFO - Required number of columns:2
[ 2025-12-31 16:27:36,597 ] 33 root - INFO - Daata frame has columns:31
[ 2025-12-31 16:27:36,597 ] 32 root - INFO - Required number of columns:2
[ 2025-12-31 16:27:36,597 ] 33 root - INFO - Daata frame has columns:31
[ 2025-12-31 16:27:36,708 ] 29 root - INFO - data Validation Completed
[ 2025-12-31 16:27:36,708 ] 33 root - INFO - data Transformation started
[ 2025-12-31 16:27:36,708 ] 53 root - INFO - Entered initiate_data_transformation method of DataTransformation class
[ 2025-12-31 16:27:36,708 ] 55 root - INFO - Starting data transformation
[ 2025-12-31 16:27:36,727 ] 38 root - INFO - Entered git_data_transformer_object method of Transformation class
[ 2025-12-31 16:27:36,727 ] 43 root - INFO - Initialise KNNImputrt with {'missing_values': nan, 'n_neighbors': 3, 'weights': 'uniform'}
[ 2025-12-31 16:27:36,732 ] 46 root - INFO - Entered the save_object method of MainUtils class
[ 2025-12-31 16:27:36,732 ] 50 root - INFO - Exited the save_object method of MainUtils class
[ 2025-12-31 16:27:36,732 ] 46 root - INFO - Entered the save_object method of MainUtils class
[ 2025-12-31 16:27:36,732 ] 50 root - INFO - Exited the save_object method of MainUtils class
[ 2025-12-31 16:27:36,732 ] 37 root - INFO - data Transformation completed
[ 2025-12-31 16:27:36,732 ] 39 root - INFO - Model Training stared
[ 2025-12-31 16:40:27,439 ] 868 urllib3.connectionpool - WARNING - Retrying (Retry(total=6, connect=7, read=7, redirect=7, status=7)) after connection broken by 'SSLEOFError(8, 'EOF occurred in violation of protocol (_ssl.c:2384)')': /ashishprajapati2006/networksecurity.mlflow/api/2.0/mlflow-artifacts/artifacts/f0561d299ff841acab82f4c9b16912f8/6b774d8e7f8840e18e6854de04a3e042/artifacts/artifacts%5CArtifacts/12_31_2025_14_09_37/model_trainer/trained_model/model.pkl
[ 2025-12-31 17:02:10,929 ] 868 urllib3.connectionpool - WARNING - Retrying (Retry(total=6, connect=7, read=6, redirect=7, status=7)) after connection broken by 'RemoteDisconnected('Remote end closed connection without response')': /ashishprajapati2006/networksecurity.mlflow/api/2.0/mlflow/runs/get?run_uuid=6b774d8e7f8840e18e6854de04a3e042&run_id=6b774d8e7f8840e18e6854de04a3e042
[ 2025-12-31 17:02:13,039 ] 46 root - INFO - Entered the save_object method of MainUtils class
[ 2025-12-31 17:02:13,085 ] 50 root - INFO - Exited the save_object method of MainUtils class
[ 2025-12-31 17:02:13,086 ] 136 root - INFO - Model trainer artifact: ModelTrainerArtifact(trained_model_file_path='Artifacts\\12_31_2025_16_27_24\\model_trainer\\trained_model\\model.pkl', train_metric_artifact=ClassificationMetricArtifact(f1_score=0.9912183304734027, precision_score=0.9881263835781847, recall_score=0.9943296881328473), test_metric_artifact=ClassificationMetricArtifact(f1_score=0.9755501222493888, precision_score=0.9692307692307692, recall_score=0.9819524200164069))
[ 2025-12-31 17:02:13,086 ] 44 root - INFO - Model Training artifact created
