[ 2025-12-31 15:54:09,051 ] 1025 httpx - INFO - HTTP Request: GET https://dagshub.com/api/v1/user "HTTP/1.1 200 OK"
[ 2025-12-31 15:54:09,051 ] 107 dagshub - INFO - Accessing as ashishprajapati2006
[ 2025-12-31 15:54:10,324 ] 1025 httpx - INFO - HTTP Request: GET https://dagshub.com/api/v1/repos/ashishprajapati2006/networksecurity "HTTP/1.1 200 OK"
[ 2025-12-31 15:54:11,440 ] 1025 httpx - INFO - HTTP Request: GET https://dagshub.com/api/v1/user "HTTP/1.1 200 OK"
[ 2025-12-31 15:54:11,440 ] 107 dagshub - INFO - Initialized MLflow to track repo "ashishprajapati2006/networksecurity"
[ 2025-12-31 15:54:11,440 ] 107 dagshub - INFO - Repository ashishprajapati2006/networksecurity initialized!
[ 2025-12-31 15:54:11,440 ] 20 root - INFO - Initiate the data ingestion
[ 2025-12-31 15:54:21,417 ] 62 root - INFO - Performed train test split on the dataframe
[ 2025-12-31 15:54:21,417 ] 64 root - INFO - Exited split_data_as_train_test method of Data_Ingestion class
[ 2025-12-31 15:54:21,417 ] 72 root - INFO - Exporting train and test file path.
[ 2025-12-31 15:54:21,454 ] 81 root - INFO - Exported train and test file path.
[ 2025-12-31 15:54:21,454 ] 22 root - INFO - Data Initiation Completed
[ 2025-12-31 15:54:21,454 ] 27 root - INFO - Initiate the data Validation
[ 2025-12-31 15:54:21,543 ] 32 root - INFO - Required number of columns:2
[ 2025-12-31 15:54:21,543 ] 33 root - INFO - Daata frame has columns:31
[ 2025-12-31 15:54:21,543 ] 32 root - INFO - Required number of columns:2
[ 2025-12-31 15:54:21,543 ] 33 root - INFO - Daata frame has columns:31
[ 2025-12-31 15:54:21,624 ] 29 root - INFO - data Validation Completed
[ 2025-12-31 15:54:21,624 ] 33 root - INFO - data Transformation started
[ 2025-12-31 15:54:21,624 ] 53 root - INFO - Entered initiate_data_transformation method of DataTransformation class
[ 2025-12-31 15:54:21,624 ] 55 root - INFO - Starting data transformation
[ 2025-12-31 15:54:21,640 ] 38 root - INFO - Entered git_data_transformer_object method of Transformation class
[ 2025-12-31 15:54:21,640 ] 43 root - INFO - Initialise KNNImputrt with {'missing_values': nan, 'n_neighbors': 3, 'weights': 'uniform'}
[ 2025-12-31 15:54:21,662 ] 46 root - INFO - Entered the save_object method of MainUtils class
[ 2025-12-31 15:54:21,665 ] 50 root - INFO - Exited the save_object method of MainUtils class
[ 2025-12-31 15:54:21,665 ] 46 root - INFO - Entered the save_object method of MainUtils class
[ 2025-12-31 15:54:21,667 ] 50 root - INFO - Exited the save_object method of MainUtils class
[ 2025-12-31 15:54:21,668 ] 37 root - INFO - data Transformation completed
[ 2025-12-31 15:54:21,668 ] 39 root - INFO - Model Training stared
[ 2025-12-31 15:59:05,964 ] 46 root - INFO - Entered the save_object method of MainUtils class
[ 2025-12-31 15:59:05,993 ] 50 root - INFO - Exited the save_object method of MainUtils class
[ 2025-12-31 15:59:05,993 ] 136 root - INFO - Model trainer artifact: ModelTrainerArtifact(trained_model_file_path='Artifacts\\12_31_2025_15_53_52\\model_trainer\\trained_model\\model.pkl', train_metric_artifact=ClassificationMetricArtifact(f1_score=0.9906731549067316, precision_score=0.9890688259109311, recall_score=0.9922826969943136), test_metric_artifact=ClassificationMetricArtifact(f1_score=0.978981406628941, precision_score=0.975825946817083, recall_score=0.9821573398215734))
[ 2025-12-31 15:59:05,993 ] 44 root - INFO - Model Training artifact created
